exports[`HistoryComponent should match this component 1`] = `
Array [
  <div
    className="wrapper">
    
</div>,
]
`;
